Matrix X
[     1     2 ]
[     3     4 ]
Matrix Y
[     1     2 ]
[     3     4 ]
Couldn't multiply X and Y
